// Jest Snapshot v1, https://goo.gl/fbAQLP

exports[`renders correctly with a valid video id 1`] = `
<ActivityIndicator
  animating={true}
  color="#999999"
  hidesWhenStopped={true}
  size="small"
/>
`;

exports[`renders throws error with invalid video id 1`] = `
<ActivityIndicator
  animating={true}
  color="#999999"
  hidesWhenStopped={true}
  size="small"
/>
`;
